   1              		.file	1 "stack-test2.c"
   2              	
   3              	 # -G value = 8, Arch = 3000, ISA = 1
   4              	 # GNU C version 3.2.2 (mips-dec-ultrix42)
   5              	 #	compiled by GNU C version 2.95.4 20011002 (Debian prerelease).
   6              	 # options passed:  -lang-c -iprefix -D__GNUC__=3 -D__GNUC_MINOR__=2
   7              	 # -D__GNUC_PATCHLEVEL__=2 -D__GXX_ABI_VERSION=102 -D__ANSI_COMPAT -DMIPSEL
   8              	 # -DR3000 -DSYSTYPE_BSD -D_SYSTYPE_BSD -Dbsd4_2 -Dhost_mips -Dmips
   9              	 # -Dultrix -Dunix -D__ANSI_COMPAT -D__MIPSEL__ -D__R3000__
  10              	 # -D__SYSTYPE_BSD__ -D_SYSTYPE_BSD -D__bsd4_2_ -D__host_mips__ -D__mips__
  11              	 # -D__ultrix__ -D__unix__ -D__MIPSEL -D__R3000 -D__SYSTYPE_BSD -D__bsd4_2
  12              	 # -D__host_mips -D__mips -D__ultrix -D__unix -Asystem=unix -Asystem=bsd
  13              	 # -Acpu=mips -Amachine=mips -D__NO_INLINE__ -D__STDC_HOSTED__=1
  14              	 # -D__LANGUAGE_C -D_LANGUAGE_C -DLANGUAGE_C -D__SIZE_TYPE__=unsigned int
  15              	 # -D__PTRDIFF_TYPE__=int -D__SIZE_TYPE__=unsigned int
  16              	 # -D__PTRDIFF_TYPE__=int -D__mips_fpr=32 -mrnames -g -O0 -fverbose-asm
  17              	 # options enabled:  -fpeephole -ffunction-cse -fkeep-static-consts
  18              	 # -fpcc-struct-return -fgcse-lm -fgcse-sm -fsched-interblock -fsched-spec
  19              	 # -fbranch-count-reg -fcommon -fverbose-asm -fgnu-linker -fargument-alias
  20              	 # -fident -fmath-errno -ftrapping-math -mgas -mrnames -march=3000
  21              	 # -mno-flush-funccacheflush -mflush-func=cacheflush
  22              	
  25              		.text
  26              	$Ltext0:
  50              		.align	2
  51              		.globl	main
  52              	$LM1:
   1:stack-test2.c **** int *test (int);
   2:stack-test2.c **** 
   3:stack-test2.c **** main ()
   4:stack-test2.c ****  {
  54              		.ent	main
  55              	main:
  56              		.frame	$fp,40,$ra		# vars= 16, regs= 2/0, args= 16, extra= 0
  57              		.mask	0xc0000000,-4
  58              		.fmask	0x00000000,0
  59 ???? D8FFBD27 		subu	$sp,$sp,40
  60 ???? 2400BFAF 		sw	$ra,36($sp)
  61 ???? 2000BEAF 		sw	$fp,32($sp)
  62 ???? 21F0A003 		move	$fp,$sp
  63 ???? 0000000C 		jal	__main
  63      00000000 
  64              	$LBB2:
  65              	$LM2:
   5:stack-test2.c ****   int *p;
   6:stack-test2.c ****   int x, y, z;
   7:stack-test2.c ****   x = 61;
  67              		li	$v0,61			# 0x3d
  68              		sw	$v0,20($fp)	 #  x
  69              	$LM3:
   8:stack-test2.c ****   y = 62;
  71              		li	$v0,62			# 0x3e
  72              		sw	$v0,24($fp)	 #  y
  73              	$LM4:
   9:stack-test2.c ****   z = 63;
  75              		li	$v0,63			# 0x3f
  76              		sw	$v0,28($fp)	 #  z
  77              	$LM5:
  10:stack-test2.c ****   p = test(x);
  79              		lw	$a0,20($fp)	 #  x
  80 ???? 0000000C 		jal	test
  80      00000000 
  81              		sw	$v0,16($fp)	 #  p
  82              	$LM6:
  11:stack-test2.c ****   z = *p;
  84              		lw	$v0,16($fp)	 #  p
  85              		lw	$v0,0($v0)
  86              		sw	$v0,28($fp)	 #  z
  87              	$LM7:
  12:stack-test2.c ****   *p = 70;
  89              		lw	$v1,16($fp)	 #  p
  90              		li	$v0,70			# 0x46
  91              		sw	$v0,0($v1)
  92              	$LM8:
  13:stack-test2.c ****   z = *p;
  94              		lw	$v0,16($fp)	 #  p
  95              		lw	$v0,0($v0)
  96              		sw	$v0,28($fp)	 #  z
  97              	$LM9:
  14:stack-test2.c ****   y = foo(x);
  99              		lw	$a0,20($fp)	 #  x
 100 ???? 0000000C 		jal	foo
 100      00000000 
 101              		sw	$v0,24($fp)	 #  y
 102              	$LM10:
  15:stack-test2.c ****   z = *p;
 104              		lw	$v0,16($fp)	 #  p
 105              		lw	$v0,0($v0)
 106              		sw	$v0,28($fp)	 #  z
 107              	$LM11:
  16:stack-test2.c ****   return(2);
 109              		li	$v0,2			# 0x2
 110              	$LBE2:
 111              	$LM12:
  17:stack-test2.c ****  }
 113 ???? 21E8C003 		move	$sp,$fp
 114 ???? 2400BF8F 		lw	$ra,36($sp)
 115 ???? 2000BE8F 		lw	$fp,32($sp)
 116 ???? 2800BD27 		addu	$sp,$sp,40
 117 ???? 0800E003 		j	$ra
 117      00000000 
 118              		.end	main
 126              		.align	2
 127              		.globl	test
 128              	$LM13:
  18:stack-test2.c **** 
  19:stack-test2.c **** int *test (v)
  20:stack-test2.c **** int v;
  21:stack-test2.c ****  {
 130              		.ent	test
 131              	test:
 132              		.frame	$fp,32,$ra		# vars= 8, regs= 2/0, args= 16, extra= 0
 133              		.mask	0xc0000000,-4
 134              		.fmask	0x00000000,0
 135 ???? E0FFBD27 		subu	$sp,$sp,32
 136 ???? 1C00BFAF 		sw	$ra,28($sp)
 137 ???? 1800BEAF 		sw	$fp,24($sp)
 138 ???? 21F0A003 		move	$fp,$sp
 139              		sw	$a0,32($fp)	 #  v
 140              	$LBB3:
 141              	$LM14:
  22:stack-test2.c ****   int c;
  23:stack-test2.c ****   dummy(v);
 143              		lw	$a0,32($fp)	 #  v
 144 ???? 0000000C 		jal	dummy
 144      00000000 
 145              	$LM15:
  24:stack-test2.c ****   c = v;
 147              		lw	$v0,32($fp)	 #  v
 148              		sw	$v0,16($fp)	 #  c
 149              	$LM16:
  25:stack-test2.c ****   return(&c);
 151              		addu	$v0,$fp,16
 152              	$LBE3:
 153              	$LM17:
  26:stack-test2.c ****  }
 155 ???? 21E8C003 		move	$sp,$fp
 156 ???? 1C00BF8F 		lw	$ra,28($sp)
 157 ???? 1800BE8F 		lw	$fp,24($sp)
 158 ???? 2000BD27 		addu	$sp,$sp,32
 159 ???? 0800E003 		j	$ra
 159      00000000 
 160              		.end	test
 166              		.align	2
 167              		.globl	foo
 168              	$LM18:
  27:stack-test2.c **** 
  28:stack-test2.c **** foo (x)
  29:stack-test2.c **** int x;
  30:stack-test2.c ****  {
 170              		.ent	foo
 171              	foo:
 172              		.frame	$fp,40,$ra		# vars= 16, regs= 2/0, args= 16, extra= 0
 173              		.mask	0xc0000000,-4
 174              		.fmask	0x00000000,0
 175 ???? D8FFBD27 		subu	$sp,$sp,40
 176 ???? 2400BFAF 		sw	$ra,36($sp)
 177 ???? 2000BEAF 		sw	$fp,32($sp)
 178 ???? 21F0A003 		move	$fp,$sp
 179              		sw	$a0,40($fp)	 #  x
 180              	$LBB4:
 181              	$LM19:
  31:stack-test2.c ****   int i, j, k;
  32:stack-test2.c ****   i = 65;
 183              		li	$v0,65			# 0x41
 184              		sw	$v0,16($fp)	 #  i
 185              	$LM20:
  33:stack-test2.c ****   j = 66;
 187              		li	$v0,66			# 0x42
 188              		sw	$v0,20($fp)	 #  j
 189              	$LM21:
  34:stack-test2.c ****   k = i + j;
 191              		lw	$v1,16($fp)	 #  i
 192              		lw	$v0,20($fp)	 #  j
 193              		addu	$v0,$v1,$v0
 194              		sw	$v0,24($fp)	 #  k
 195              	$LM22:
  35:stack-test2.c ****   dummy(k);
 197              		lw	$a0,24($fp)	 #  k
 198 ???? 0000000C 		jal	dummy
 198      00000000 
 199              	$LM23:
  36:stack-test2.c ****   return(k);
 201              		lw	$v0,24($fp)	 #  k
 202              	$LBE4:
 203              	$LM24:
  37:stack-test2.c ****  }
 205 ???? 21E8C003 		move	$sp,$fp
 206 ???? 2400BF8F 		lw	$ra,36($sp)
 207 ???? 2000BE8F 		lw	$fp,32($sp)
 208 ???? 2800BD27 		addu	$sp,$sp,40
 209 ???? 0800E003 		j	$ra
 209      00000000 
 210              		.end	foo
 218              		.align	2
 219              		.globl	__main
 220              	$LM25:
  38:stack-test2.c **** 
  39:stack-test2.c **** __main ()
  40:stack-test2.c ****  {
 222              		.ent	__main
 223              	__main:
 224              		.frame	$fp,8,$ra		# vars= 0, regs= 1/0, args= 0, extra= 0
 225              		.mask	0x40000000,-8
 226              		.fmask	0x00000000,0
 227 ???? F8FFBD27 		subu	$sp,$sp,8
 228 ???? 0000BEAF 		sw	$fp,0($sp)
 229 ???? 21F0A003 		move	$fp,$sp
 230              	$LM26:
  41:stack-test2.c ****   return(0);
 232              		move	$v0,$zero
 233              	$LM27:
  42:stack-test2.c ****  }
 235 ???? 21E8C003 		move	$sp,$fp
 236 ???? 0000BE8F 		lw	$fp,0($sp)
 237 ???? 0800BD27 		addu	$sp,$sp,8
 238 ???? 0800E003 		j	$ra
 238      00000000 
 239              		.end	__main
 241              		.align	2
 242              		.globl	dummy
 243              	$LM28:
  43:stack-test2.c **** 
  44:stack-test2.c **** dummy (v)
  45:stack-test2.c **** int v;
  46:stack-test2.c ****  {
 245              		.ent	dummy
 246              	dummy:
 247              		.frame	$fp,8,$ra		# vars= 0, regs= 1/0, args= 0, extra= 0
 248              		.mask	0x40000000,-8
 249              		.fmask	0x00000000,0
 250 ???? F8FFBD27 		subu	$sp,$sp,8
 251 ???? 0000BEAF 		sw	$fp,0($sp)
 252 ???? 21F0A003 		move	$fp,$sp
 253              		sw	$a0,8($fp)	 #  v
 254              	$LM29:
  47:stack-test2.c ****   return(0);
 256              		move	$v0,$zero
 257              	$LM30:
  48:stack-test2.c ****  }
 259 ???? 21E8C003 		move	$sp,$fp
 260 ???? 0000BE8F 		lw	$fp,0($sp)
 261 ???? 0800BD27 		addu	$sp,$sp,8
 262 ???? 0800E003 		j	$ra
 262      00000000 
 263              		.end	dummy
